// Vitest Snapshot v1, https://vitest.dev/guide/snapshot.html

exports[`LoginPage > should match snapshot 1`] = `
<DocumentFragment>
  <div
    class="flex min-h-full flex-1 flex-col justify-center px-6 py-12 lg:px-8"
  >
    <img
      alt="Your Company"
      class="mx-auto h-10 w-auto"
      src="https://tailwindui.com/plus/img/logos/mark.svg?color=indigo&shade=600"
    />
    <div
      class="sm:mx-auto sm:w-full sm:max-w-sm"
    >
      <h2
        class="mt-10 text-center text-2xl font-bold leading-9 tracking-tight text-gray-900"
      >
        Sign in to your account
      </h2>
    </div>
    <div
      class="mt-10 sm:mx-auto sm:w-full sm:max-w-sm"
    >
      <div>
        Mocked LoginForm
      </div>
      <div
        class="mt-6"
      >
        <div>
          Mocked SocialLoginButtons
        </div>
      </div>
    </div>
  </div>
</DocumentFragment>
`;
