// Vitest Snapshot v1, https://vitest.dev/guide/snapshot.html

exports[`TableBirthday > should match snapshot 1`] = `
<DocumentFragment>
  <div
    class="grid grid-cols-1 sm:grid-cols-2 gap-4"
  >
    <div
      class="bg-white border border-gray-400 rounded-lg shadow-md p-4 flex items-center space-x-4"
    >
      <div>
        <h3
          class="text-lg font-semibold text-gray-800"
        >
          João
        </h3>
        <p
          class="text-sm text-gray-600"
        >
          Setor: Financeiro
        </p>
        <p
          class="text-sm text-gray-600"
        >
          Aniversário: 1
        </p>
      </div>
    </div>
    <div
      class="bg-white border border-gray-400 rounded-lg shadow-md p-4 flex items-center space-x-4"
    >
      <div>
        <h3
          class="text-lg font-semibold text-gray-800"
        >
          Maria
        </h3>
        <p
          class="text-sm text-gray-600"
        >
          Setor: RH
        </p>
        <p
          class="text-sm text-gray-600"
        >
          Aniversário: 17
        </p>
      </div>
    </div>
  </div>
</DocumentFragment>
`;
