// Vitest Snapshot v1, https://vitest.dev/guide/snapshot.html

exports[`PostContentList > should match snapshot 1`] = `
<DocumentFragment>
  <div
    class="space-y-8"
  >
    <div
      class="flex flex-col md:flex-row border-b border-gray-200 pb-8 cursor-pointer"
    >
      <div
        class="flex-1 pr-4"
      >
        <h2
          class="mt-1 text-2xl font-semibold text-gray-900"
        >
          First Post
        </h2>
        <p
          class="mt-2 text-gray-700"
        >
          Subtitle of First Post
        </p>
        <p
          class="mt-1 text-sm text-gray-500"
        >
          Criado em: 29/10/2024 
        </p>
        <p
          class="mt-1 text-sm text-gray-500"
        >
          Autor : Author One
        </p>
      </div>
      <div
        class="flex-shrink-0 mt-4 md:mt-0"
      >
        <img
          alt="First Post"
          class="h-40 w-40 object-cover"
          src="http://example.com/image1.jpg"
        />
      </div>
    </div>
    <div
      class="flex flex-col md:flex-row border-b border-gray-200 pb-8 cursor-pointer"
    >
      <div
        class="flex-1 pr-4"
      >
        <h2
          class="mt-1 text-2xl font-semibold text-gray-900"
        >
          Second Post
        </h2>
        <p
          class="mt-2 text-gray-700"
        >
          Subtitle of Second Post
        </p>
        <p
          class="mt-1 text-sm text-gray-500"
        >
          Criado em: 28/10/2024 
        </p>
        <p
          class="mt-1 text-sm text-gray-500"
        >
          Autor : Author Two
        </p>
      </div>
      <div
        class="flex-shrink-0 mt-4 md:mt-0"
      >
        <img
          alt="Second Post"
          class="h-40 w-40 object-cover"
          src="http://example.com/image2.jpg"
        />
      </div>
    </div>
  </div>
</DocumentFragment>
`;
