// Vitest Snapshot v1, https://vitest.dev/guide/snapshot.html

exports[`BirthdayContent > should match snapshot 1`] = `
<DocumentFragment>
  <div
    class="flex items-center justify-center h-full"
    data-testid="birthday-content"
  >
    <p>
      Carregando...
    </p>
  </div>
</DocumentFragment>
`;
