// Vitest Snapshot v1, https://vitest.dev/guide/snapshot.html

exports[`MainContent > should match snapshot 1`] = `
<DocumentFragment>
  <main
    data-testid="main-content"
  >
    <div
      class="mx-auto max-w-7xl px-4 py-6 sm:px-6 lg:px-8"
    >
      <div>
        Conteúdo da aba Criar Post
      </div>
    </div>
  </main>
</DocumentFragment>
`;
