// Vitest Snapshot v1, https://vitest.dev/guide/snapshot.html

exports[`MainContent > should match snapshot for "UnknownTab" tab 1`] = `
<DocumentFragment>
  <main
    class="flex justify-center items-center h-full"
    data-testid="main-content"
  >
    <div
      class="flex items-center justify-center h-full mt-9"
      data-testid="posts-content"
    >
      <div
        class="space-y-8"
      >
        <p>
          Nenhum post encontrado.
        </p>
      </div>
    </div>
  </main>
</DocumentFragment>
`;
