// Vitest Snapshot v1, https://vitest.dev/guide/snapshot.html

exports[`PostsContent > should match snapshot 1`] = `
<DocumentFragment>
  <div
    class="flex items-center justify-center h-full mt-4"
    data-testid="posts-content"
  >
    <div
      class="space-y-8"
    >
      <p>
        Nenhum post encontrado.
      </p>
    </div>
  </div>
</DocumentFragment>
`;
